../Core/Src/main.c:138:5:main	8	static
../Core/Src/main.c:240:6:SystemClock_Config	88	static
../Core/Src/main.c:287:13:MX_ADC1_Init	24	static
../Core/Src/main.c:334:13:MX_USART1_UART_Init	8	static
../Core/Src/main.c:367:13:MX_GPIO_Init	40	static
../Core/Src/main.c:416:6:StartDefaultTask	32	static
../Core/Src/main.c:447:6:processingData	856	static
../Core/Src/main.c:513:6:UI	72	static
../Core/Src/main.c:561:6:HAL_TIM_PeriodElapsedCallback	16	static
../Core/Src/main.c:579:6:Error_Handler	4	static,ignoring_inline_asm
